// Jest Snapshot v1, https://goo.gl/fbAQLP

exports[`CategorySelectionScreen renders correctly 1`] = `
<RCTScrollView
  style={
    {
      "backgroundColor": "#FFFFFF",
      "flex": 1,
      "paddingHorizontal": 16,
    }
  }
>
  <View>
    <Text.H2
      style={
        {
          "paddingBottom": 16,
          "paddingTop": 20,
        }
      }
    >
      Select a category
    </Text.H2>
    <Tag
      icon="md-restaurant"
      onPress={[Function]}
      text="Meal"
    />
    <Tag
      icon="md-airplane"
      onPress={[Function]}
      text="Transport"
    />
    <Tag
      icon="barcode-sharp"
      onPress={[Function]}
      text="Scan product"
    />
    <Tag
      icon="md-play-circle"
      onPress={[Function]}
      text="Streaming"
    />
    <Tag
      icon="md-card"
      onPress={[Function]}
      text="Purchase"
    />
    <Tag
      icon="md-shirt"
      onPress={[Function]}
      text="Fashion"
    />
    <Tag
      icon="md-nutrition"
      onPress={[Function]}
      text="Food"
    />
    <Tag
      icon="md-flash"
      onPress={[Function]}
      text="Electricity"
    />
    <Tag
      icon="md-build"
      onPress={[Function]}
      text="Custom"
    />
    <View
      style={
        {
          "height": 10,
        }
      }
    />
  </View>
</RCTScrollView>
`;
