// Jest Snapshot v1, https://goo.gl/fbAQLP

exports[`SettingsRow renders correctly 1`] = `
<TouchableOpacity
  onPress={[Function]}
  style={
    Object {
      "flex": 1,
      "flexDirection": "row",
      "justifyContent": "space-between",
      "paddingHorizontal": 16,
      "paddingVertical": 14,
    }
  }
>
  <Text.Secondary
    bold={true}
  >
    title
  </Text.Secondary>
  <Ionicons
    color="#111714"
    name="ios-arrow-forward"
    size={20}
  />
</TouchableOpacity>
`;
