// Jest Snapshot v1, https://goo.gl/fbAQLP

exports[`FaqScreen renders correctly 1`] = `
<RCTScrollView
  style={
    Object {
      "backgroundColor": "#FFFFFF",
      "paddingHorizontal": 16,
      "paddingVertical": 24,
    }
  }
>
  <View>
    <View
      style={
        Object {
          "flex": 1,
        }
      }
    >
      <View
        style={
          Array [
            Object {
              "backgroundColor": "#FFFFFF",
              "borderColor": "#E7F3EB",
              "borderRadius": 10,
              "borderWidth": 1.5,
              "marginTop": 16,
            },
            Object {
              "marginTop": 0,
            },
          ]
        }
      >
        <View
          accessible={true}
          collapsable={false}
          focusable={true}
          onBlur={[Function]}
          onClick={[Function]}
          onFocus={[Function]}
          onResponderGrant={[Function]}
          onResponderMove={[Function]}
          onResponderRelease={[Function]}
          onResponderTerminate={[Function]}
          onResponderTerminationRequest={[Function]}
          onStartShouldSetResponder={[Function]}
          style={
            Object {
              "alignItems": "center",
              "flexDirection": "row",
              "padding": 16,
            }
          }
        >
          <Ionicons
            name="chevron-up"
            size={22}
            style={
              Object {
                "color": "#3957D0",
              }
            }
          />
          <Text.H3
            style={
              Object {
                "color": "#000000",
                "flex": 1,
                "fontSize": 16,
                "marginLeft": 8,
              }
            }
          >
            Why do I have to enter manually my emissions?
          </Text.H3>
        </View>
      </View>
      <View
        style={
          Array [
            Object {
              "backgroundColor": "#FFFFFF",
              "borderColor": "#E7F3EB",
              "borderRadius": 10,
              "borderWidth": 1.5,
              "marginTop": 16,
            },
            false,
          ]
        }
      >
        <View
          accessible={true}
          collapsable={false}
          focusable={true}
          onBlur={[Function]}
          onClick={[Function]}
          onFocus={[Function]}
          onResponderGrant={[Function]}
          onResponderMove={[Function]}
          onResponderRelease={[Function]}
          onResponderTerminate={[Function]}
          onResponderTerminationRequest={[Function]}
          onStartShouldSetResponder={[Function]}
          style={
            Object {
              "alignItems": "center",
              "flexDirection": "row",
              "padding": 16,
            }
          }
        >
          <Ionicons
            name="chevron-up"
            size={22}
            style={
              Object {
                "color": "#3957D0",
              }
            }
          />
          <Text.H3
            style={
              Object {
                "color": "#000000",
                "flex": 1,
                "fontSize": 16,
                "marginLeft": 8,
              }
            }
          >
            How accurate are my carbon emissions?
          </Text.H3>
        </View>
      </View>
      <View
        style={
          Array [
            Object {
              "backgroundColor": "#FFFFFF",
              "borderColor": "#E7F3EB",
              "borderRadius": 10,
              "borderWidth": 1.5,
              "marginTop": 16,
            },
            false,
          ]
        }
      >
        <View
          accessible={true}
          collapsable={false}
          focusable={true}
          onBlur={[Function]}
          onClick={[Function]}
          onFocus={[Function]}
          onResponderGrant={[Function]}
          onResponderMove={[Function]}
          onResponderRelease={[Function]}
          onResponderTerminate={[Function]}
          onResponderTerminationRequest={[Function]}
          onStartShouldSetResponder={[Function]}
          style={
            Object {
              "alignItems": "center",
              "flexDirection": "row",
              "padding": 16,
            }
          }
        >
          <Ionicons
            name="chevron-up"
            size={22}
            style={
              Object {
                "color": "#3957D0",
              }
            }
          />
          <Text.H3
            style={
              Object {
                "color": "#000000",
                "flex": 1,
                "fontSize": 16,
                "marginLeft": 8,
              }
            }
          >
            What is your goal?
          </Text.H3>
        </View>
      </View>
      <View
        style={
          Array [
            Object {
              "backgroundColor": "#FFFFFF",
              "borderColor": "#E7F3EB",
              "borderRadius": 10,
              "borderWidth": 1.5,
              "marginTop": 16,
            },
            false,
          ]
        }
      >
        <View
          accessible={true}
          collapsable={false}
          focusable={true}
          onBlur={[Function]}
          onClick={[Function]}
          onFocus={[Function]}
          onResponderGrant={[Function]}
          onResponderMove={[Function]}
          onResponderRelease={[Function]}
          onResponderTerminate={[Function]}
          onResponderTerminationRequest={[Function]}
          onStartShouldSetResponder={[Function]}
          style={
            Object {
              "alignItems": "center",
              "flexDirection": "row",
              "padding": 16,
            }
          }
        >
          <Ionicons
            name="chevron-up"
            size={22}
            style={
              Object {
                "color": "#3957D0",
              }
            }
          />
          <Text.H3
            style={
              Object {
                "color": "#000000",
                "flex": 1,
                "fontSize": 16,
                "marginLeft": 8,
              }
            }
          >
            Are you a startup?
          </Text.H3>
        </View>
      </View>
      <View
        style={
          Array [
            Object {
              "backgroundColor": "#FFFFFF",
              "borderColor": "#E7F3EB",
              "borderRadius": 10,
              "borderWidth": 1.5,
              "marginTop": 16,
            },
            false,
          ]
        }
      >
        <View
          accessible={true}
          collapsable={false}
          focusable={true}
          onBlur={[Function]}
          onClick={[Function]}
          onFocus={[Function]}
          onResponderGrant={[Function]}
          onResponderMove={[Function]}
          onResponderRelease={[Function]}
          onResponderTerminate={[Function]}
          onResponderTerminationRequest={[Function]}
          onStartShouldSetResponder={[Function]}
          style={
            Object {
              "alignItems": "center",
              "flexDirection": "row",
              "padding": 16,
            }
          }
        >
          <Ionicons
            name="chevron-up"
            size={22}
            style={
              Object {
                "color": "#3957D0",
              }
            }
          />
          <Text.H3
            style={
              Object {
                "color": "#000000",
                "flex": 1,
                "fontSize": 16,
                "marginLeft": 8,
              }
            }
          >
            Are you a business?
          </Text.H3>
        </View>
      </View>
    </View>
  </View>
</RCTScrollView>
`;
