// Jest Snapshot v1, https://goo.gl/fbAQLP

exports[`EmissionsScreen renders correctly 1`] = `
<RCTScrollView
  style={
    Object {
      "backgroundColor": "#FFFFFF",
      "flex": 1,
      "paddingHorizontal": 16,
      "paddingTop": 22,
    }
  }
>
  <View>
    <Text.H3>
      Type
    </Text.H3>
    <Text.Primary
      darkGray={true}
      style={
        Object {
          "alignItems": "flex-start",
          "paddingBottom": 24,
          "paddingTop": 2,
        }
      }
    >
       - 
      Custom
    </Text.Primary>
    <Text.H3>
      Quantity
    </Text.H3>
    <Text.Primary
      darkGray={true}
      style={
        Object {
          "alignItems": "flex-start",
          "paddingBottom": 24,
          "paddingTop": 2,
        }
      }
    >
      <FormattedNumber
        maximumFractionDigits={2}
        value={NaN}
      />
       
       gC02eq
    </Text.Primary>
    <Text.H3>
      Mitigation
    </Text.H3>
    <Text.Primary
      darkGray={true}
      style={
        Object {
          "paddingTop": 2,
        }
      }
    >
      This emission hasn't been mitigated
    </Text.Primary>
    <View
      style={
        Object {
          "alignItems": "flex-start",
          "paddingBottom": 24,
          "paddingTop": 2,
        }
      }
    >
      <RCTSwitch
        accessibilityRole="switch"
        onChange={[Function]}
        onResponderTerminationRequest={[Function]}
        onStartShouldSetResponder={[Function]}
        style={
          Object {
            "height": 31,
            "width": 51,
          }
        }
        value={false}
      />
    </View>
    <Text.H3>
      Date
    </Text.H3>
    <View
      style={
        Object {
          "flexDirection": "row",
        }
      }
    >
      <Text.Primary
        darkGray={true}
        style={
          Array [
            Object {
              "alignItems": "flex-start",
              "paddingBottom": 24,
              "paddingTop": 2,
            },
            Object {
              "textTransform": "capitalize",
            },
          ]
        }
      >
        Sunday 
      </Text.Primary>
      <Text.Primary
        darkGray={true}
        style={
          Object {
            "alignItems": "flex-start",
            "paddingBottom": 24,
            "paddingTop": 2,
          }
        }
      >
        21st February 2021
      </Text.Primary>
    </View>
    <Button.Danger
      fullWidth={true}
      icon="trash"
      onPress={[Function]}
      text="Delete"
    />
  </View>
</RCTScrollView>
`;
