// Jest Snapshot v1, https://goo.gl/fbAQLP

exports[`<SelectableListItem /> render 1`] = `
<TouchableOpacity
  onPress={[Function]}
  style={
    {
      "flexDirection": "row",
      "justifyContent": "space-between",
    }
  }
>
  <Text.Primary
    bold={true}
    green={true}
    numberOfLines={1}
    style={
      {
        "paddingVertical": 20,
      }
    }
  >
    France
  </Text.Primary>
  <Ionicons
    color="#0F853B"
    name="md-checkmark"
    size={26}
    style={
      {
        "marginTop": 18,
      }
    }
  />
</TouchableOpacity>
`;

exports[`<SelectableListItem /> render if not selected 1`] = `
<TouchableOpacity
  onPress={[Function]}
  style={
    {
      "flexDirection": "row",
      "justifyContent": "space-between",
    }
  }
>
  <Text.Primary
    bold={true}
    green={true}
    numberOfLines={1}
    style={
      {
        "paddingVertical": 20,
      }
    }
  >
    France
  </Text.Primary>
  <Ionicons
    color="#0F853B"
    name="md-checkmark"
    size={26}
    style={
      {
        "marginTop": 18,
      }
    }
  />
</TouchableOpacity>
`;
