// Jest Snapshot v1, https://goo.gl/fbAQLP

exports[`BarCodeScanScreen renders correctly 1`] = `
<View
  style={
    {
      "backgroundColor": "#FFFFFF",
      "flex": 1,
      "paddingHorizontal": 16,
    }
  }
/>
`;
