// Jest Snapshot v1, https://goo.gl/fbAQLP

exports[`Emissions actions should export expected actions 1`] = `
{
  "createEmission": [Function],
  "deleteAllEmissions": [Function],
  "deleteEmission": [Function],
  "loadEmissionsFromImport": [Function],
  "toggleIsMitigated": [Function],
}
`;
