// Jest Snapshot v1, https://goo.gl/fbAQLP

exports[`Legend renders correctly 1`] = `
<View
  style={
    {
      "justifyContent": "space-between",
      "paddingVertical": 20,
    }
  }
>
  <LegendItem
    amount={200}
    name="Food"
    totalAmount={1000}
  />
  <LegendItem
    amount={300}
    name="Meal"
    totalAmount={1000}
  />
  <LegendItem
    amount={200}
    name="Transport"
    totalAmount={1000}
  />
  <LegendItem
    amount={50}
    name="Streaming"
    totalAmount={1000}
  />
  <LegendItem
    amount={50}
    name="Purchase"
    totalAmount={1000}
  />
  <LegendItem
    amount={100}
    name="Fashion"
    totalAmount={1000}
  />
  <LegendItem
    amount={50}
    name="Electricity"
    totalAmount={1000}
  />
  <LegendItem
    amount={30}
    name="Product Scanned"
    totalAmount={1000}
  />
  <LegendItem
    amount={20}
    name="Custom"
    totalAmount={1000}
  />
  <LegendItem
    amount={1000}
    name="Total"
    totalAmount={1000}
  />
</View>
`;
