// Jest Snapshot v1, https://goo.gl/fbAQLP

exports[`LanguageScreen renders correctly 1`] = `
<View
  style={
    {
      "backgroundColor": "#FFFFFF",
      "flex": 1,
      "paddingHorizontal": 16,
    }
  }
>
  <RCTScrollView>
    <View>
      <TouchableOpacity
        onPress={[Function]}
        style={
          {
            "flexDirection": "row",
            "justifyContent": "space-between",
          }
        }
      >
        <Text.Primary
          bold={true}
          green={true}
          numberOfLines={1}
          style={
            {
              "paddingVertical": 20,
            }
          }
        >
          English
        </Text.Primary>
        <Ionicons
          color="#0F853B"
          name="md-checkmark"
          size={26}
          style={
            {
              "marginTop": 18,
            }
          }
        />
      </TouchableOpacity>
      <TouchableOpacity
        onPress={[Function]}
        style={
          {
            "flexDirection": "row",
            "justifyContent": "space-between",
          }
        }
      >
        <Text.Primary
          bold={true}
          green={false}
          numberOfLines={1}
          style={
            {
              "paddingVertical": 20,
            }
          }
        >
          Français
        </Text.Primary>
      </TouchableOpacity>
      <TouchableOpacity
        onPress={[Function]}
        style={
          {
            "flexDirection": "row",
            "justifyContent": "space-between",
          }
        }
      >
        <Text.Primary
          bold={true}
          green={false}
          numberOfLines={1}
          style={
            {
              "paddingVertical": 20,
            }
          }
        >
          Deutsche
        </Text.Primary>
      </TouchableOpacity>
      <TouchableOpacity
        onPress={[Function]}
        style={
          {
            "flexDirection": "row",
            "justifyContent": "space-between",
          }
        }
      >
        <Text.Primary
          bold={true}
          green={false}
          numberOfLines={1}
          style={
            {
              "paddingVertical": 20,
            }
          }
        >
          Svenska
        </Text.Primary>
      </TouchableOpacity>
      <TouchableOpacity
        onPress={[Function]}
        style={
          {
            "flexDirection": "row",
            "justifyContent": "space-between",
          }
        }
      >
        <Text.Primary
          bold={true}
          green={false}
          numberOfLines={1}
          style={
            {
              "paddingVertical": 20,
            }
          }
        >
          Pусский
        </Text.Primary>
      </TouchableOpacity>
      <TouchableOpacity
        onPress={[Function]}
        style={
          {
            "flexDirection": "row",
            "justifyContent": "space-between",
          }
        }
      >
        <Text.Primary
          bold={true}
          green={false}
          numberOfLines={1}
          style={
            {
              "paddingVertical": 20,
            }
          }
        >
          Português
        </Text.Primary>
      </TouchableOpacity>
      <TouchableOpacity
        onPress={[Function]}
        style={
          {
            "flexDirection": "row",
            "justifyContent": "space-between",
          }
        }
      >
        <Text.Primary
          bold={true}
          green={false}
          numberOfLines={1}
          style={
            {
              "paddingVertical": 20,
            }
          }
        >
          Polskie
        </Text.Primary>
      </TouchableOpacity>
      <TouchableOpacity
        onPress={[Function]}
        style={
          {
            "flexDirection": "row",
            "justifyContent": "space-between",
          }
        }
      >
        <Text.Primary
          bold={true}
          green={false}
          numberOfLines={1}
          style={
            {
              "paddingVertical": 20,
            }
          }
        >
          Dansk
        </Text.Primary>
      </TouchableOpacity>
      <TouchableOpacity
        onPress={[Function]}
        style={
          {
            "flexDirection": "row",
            "justifyContent": "space-between",
          }
        }
      >
        <Text.Primary
          bold={true}
          green={false}
          numberOfLines={1}
          style={
            {
              "paddingVertical": 20,
            }
          }
        >
          中文（简体）
        </Text.Primary>
      </TouchableOpacity>
      <TouchableOpacity
        onPress={[Function]}
        style={
          {
            "flexDirection": "row",
            "justifyContent": "space-between",
          }
        }
      >
        <Text.Primary
          bold={true}
          green={false}
          numberOfLines={1}
          style={
            {
              "paddingVertical": 20,
            }
          }
        >
          Bahasa Melayu
        </Text.Primary>
      </TouchableOpacity>
      <TouchableOpacity
        onPress={[Function]}
        style={
          {
            "flexDirection": "row",
            "justifyContent": "space-between",
          }
        }
      >
        <Text.Primary
          bold={true}
          green={false}
          numberOfLines={1}
          style={
            {
              "paddingVertical": 20,
            }
          }
        >
          Español
        </Text.Primary>
      </TouchableOpacity>
      <TouchableOpacity
        onPress={[Function]}
        style={
          {
            "flexDirection": "row",
            "justifyContent": "space-between",
          }
        }
      >
        <Text.Primary
          bold={true}
          green={false}
          numberOfLines={1}
          style={
            {
              "paddingVertical": 20,
            }
          }
        >
          Italiano
        </Text.Primary>
      </TouchableOpacity>
    </View>
  </RCTScrollView>
</View>
`;
