// Jest Snapshot v1, https://goo.gl/fbAQLP

exports[`renders correctly NoEmission 1`] = `
<RCTScrollView
  style={
    {
      "backgroundColor": "#FFFFFF",
      "flex": 1,
      "paddingHorizontal": 16,
    }
  }
>
  <View>
    <StickersImage
      sticker="earth"
    />
    <View
      style={
        {
          "alignItems": "center",
          "flex": 1,
        }
      }
    >
      <Text.H1
        style={
          {
            "paddingVertical": 14,
          }
        }
      >
        Hi there ðŸ‘‹
      </Text.H1>
      <Text.Primary
        style={
          {
            "paddingVertical": 4,
            "textAlign": "center",
          }
        }
      >
        Thanks for joining our fight against climate change!
      </Text.Primary>
      <Text.Primary
        style={
          {
            "paddingVertical": 4,
            "textAlign": "center",
          }
        }
      >
        To start tracking your CO2 emissions, tap the button below
      </Text.Primary>
      <Button.Primary
        fullWidth={true}
        icon="add"
        onPress={[Function]}
        style={
          {
            "marginVertical": 20,
          }
        }
        text="Add my first emission"
      />
    </View>
  </View>
</RCTScrollView>
`;
