// Jest Snapshot v1, https://goo.gl/fbAQLP

exports[`Emissions actions should export expected actions 1`] = `
{
  "createRecurringEmission": [Function],
  "deleteAllRecurringEmissions": [Function],
  "deleteRecurringEmission": [Function],
  "loadRecurringEmissionsFromImport": [Function],
}
`;
