// Jest Snapshot v1, https://goo.gl/fbAQLP

exports[`renders correctly SocialMedia 1`] = `
<View
  style={
    {
      "flex": 1,
      "flexDirection": "row",
      "justifyContent": "center",
    }
  }
>
  <View
    style={
      {
        "flex": 1,
        "flexDirection": "row",
        "justifyContent": "space-between",
        "maxWidth": 200,
        "paddingBottom": 50,
      }
    }
  >
    <TouchableOpacity
      onPress={[Function]}
    >
      <View
        color="#595D58"
        name="github"
        size={32}
      />
    </TouchableOpacity>
    <TouchableOpacity
      onPress={[Function]}
    >
      <View
        color="#595D58"
        name="mastodon"
        size={32}
      />
    </TouchableOpacity>
    <TouchableOpacity
      onPress={[Function]}
    >
      <View
        color="#595D58"
        name="medium-m"
        size={32}
      />
    </TouchableOpacity>
  </View>
</View>
`;
