// Jest Snapshot v1, https://goo.gl/fbAQLP

exports[`Budget actions should export expected actions 1`] = `
{
  "setMonthlyCarbonBudget": [Function],
}
`;
