// Jest Snapshot v1, https://goo.gl/fbAQLP

exports[`renders correctly TabbedView 1`] = `
<View>
  <View
    style={
      Object {
        "flex": 1,
        "flexDirection": "row",
      }
    }
  >
    <View
      style={
        Object {
          "borderBottomColor": "#4BB377",
          "borderBottomWidth": 4,
          "flex": 1,
        }
      }
    >
      <TouchableOpacity
        accessibilityRole="button"
        accessibilityStates={Array []}
        onPress={[Function]}
      >
        <View
          style={
            Array [
              Object {},
            ]
          }
        >
          <Text
            style={
              Array [
                Object {
                  "color": "#007AFF",
                  "fontSize": 18,
                  "padding": 8,
                  "textAlign": "center",
                },
                Object {
                  "color": "#4BB377",
                },
              ]
            }
          >
            Hello Tab 1
          </Text>
        </View>
      </TouchableOpacity>
    </View>
    <View
      style={
        Object {
          "borderBottomColor": "#CED4DA",
          "borderBottomWidth": 4,
          "flex": 1,
        }
      }
    >
      <TouchableOpacity
        accessibilityRole="button"
        accessibilityStates={Array []}
        onPress={[Function]}
      >
        <View
          style={
            Array [
              Object {},
            ]
          }
        >
          <Text
            style={
              Array [
                Object {
                  "color": "#007AFF",
                  "fontSize": 18,
                  "padding": 8,
                  "textAlign": "center",
                },
                Object {
                  "color": "#CED4DA",
                },
              ]
            }
          >
            Hello Tab 1
          </Text>
        </View>
      </TouchableOpacity>
    </View>
  </View>
  <Text>
    Some details
  </Text>
</View>
`;
